genetic polish=False seed=42 30424.730299m comparisons=9999 wall=0.2555s
genetic polish=False seed=43 30424.730299m comparisons=9999 wall=0.2387s
genetic polish=False seed=44 30424.730299m comparisons=9999 wall=0.2515s
genetic polish=False seed=45 30424.730299m comparisons=9999 wall=0.2385s
genetic polish=False seed=46 30424.730299m comparisons=9999 wall=0.2395s
genetic polish=True seed=42 29700.000000m comparisons=1343 wall=0.0079s
genetic polish=True seed=43 29700.000000m comparisons=4420 wall=0.0100s
genetic polish=True seed=44 29700.000000m comparisons=2222 wall=0.0080s
genetic polish=True seed=45 29700.000000m comparisons=1343 wall=0.0076s
genetic polish=True seed=46 29700.000000m comparisons=3536 wall=0.0091s
immune polish=False seed=42 30424.730299m comparisons=9999 wall=0.1587s
immune polish=False seed=43 30424.730299m comparisons=9999 wall=0.1590s
immune polish=False seed=44 30424.730299m comparisons=9999 wall=0.1584s
immune polish=False seed=45 30424.730299m comparisons=9999 wall=0.1579s
immune polish=False seed=46 30424.730299m comparisons=9999 wall=0.1588s
immune polish=True seed=42 29700.000000m comparisons=4400 wall=0.0092s
immune polish=True seed=43 29700.000000m comparisons=7021 wall=0.0117s
immune polish=True seed=44 29700.000000m comparisons=2210 wall=0.0082s
immune polish=True seed=45 29700.000000m comparisons=4835 wall=0.0107s
immune polish=True seed=46 29700.000000m comparisons=7456 wall=0.0112s
ant_colony polish=False seed=42 30424.730299m comparisons=9999 wall=1.4474s
ant_colony polish=False seed=43 30424.730299m comparisons=9999 wall=1.4514s
ant_colony polish=False seed=44 29700.000000m comparisons=82 wall=0.0176s
ant_colony polish=False seed=45 29700.000000m comparisons=161 wall=0.0293s
ant_colony polish=False seed=46 30424.730299m comparisons=9999 wall=1.4551s
ant_colony polish=True seed=42 29700.000000m comparisons=8760 wall=0.0180s
ant_colony polish=True seed=43 30424.730299m comparisons=10000 wall=0.0188s
ant_colony polish=True seed=44 29700.000000m comparisons=2622 wall=0.0090s
ant_colony polish=True seed=45 29700.000000m comparisons=3501 wall=0.0107s
ant_colony polish=True seed=46 29700.000000m comparisons=2622 wall=0.0087s
particle_swarm polish=False seed=42 30424.730299m comparisons=9999 wall=0.3442s
particle_swarm polish=False seed=43 30424.730299m comparisons=9999 wall=0.3197s
particle_swarm polish=False seed=44 30424.730299m comparisons=9999 wall=0.3171s
particle_swarm polish=False seed=45 30424.730299m comparisons=9999 wall=0.3284s
particle_swarm polish=False seed=46 30424.730299m comparisons=9999 wall=0.3202s
particle_swarm polish=True seed=42 30424.730299m comparisons=10000 wall=0.0143s
particle_swarm polish=True seed=43 29700.000000m comparisons=3524 wall=0.0086s
particle_swarm polish=True seed=44 29700.000000m comparisons=3959 wall=0.0092s
particle_swarm polish=True seed=45 29700.000000m comparisons=5274 wall=0.0101s
particle_swarm polish=True seed=46 29700.000000m comparisons=7902 wall=0.0115s
fireworks polish=False seed=42 30424.730299m comparisons=9999 wall=0.2947s
fireworks polish=False seed=43 30424.730299m comparisons=9999 wall=0.2955s
fireworks polish=False seed=44 30424.730299m comparisons=9999 wall=0.3025s
fireworks polish=False seed=45 30424.730299m comparisons=9999 wall=0.2718s
fireworks polish=False seed=46 30424.730299m comparisons=9999 wall=0.2582s
fireworks polish=True seed=42 30424.730299m comparisons=10000 wall=0.0138s
fireworks polish=True seed=43 29700.000000m comparisons=2192 wall=0.0077s
fireworks polish=True seed=44 29700.000000m comparisons=9185 wall=0.0124s
fireworks polish=True seed=45 29700.000000m comparisons=5252 wall=0.0098s
fireworks polish=True seed=46 29700.000000m comparisons=7438 wall=0.0113s
iterated_search polish=False seed=42 30424.730299m comparisons=9999 wall=0.3603s
iterated_search polish=False seed=43 30424.730299m comparisons=9999 wall=0.3508s
iterated_search polish=False seed=44 30424.730299m comparisons=9999 wall=0.3525s
iterated_search polish=False seed=45 30424.730299m comparisons=9999 wall=0.3510s
iterated_search polish=False seed=46 30424.730299m comparisons=9999 wall=0.3532s
iterated_search polish=True seed=42 29700.000000m comparisons=3054 wall=0.0086s
iterated_search polish=True seed=43 29700.000000m comparisons=5231 wall=0.0098s
iterated_search polish=True seed=44 29700.000000m comparisons=4794 wall=0.0094s
iterated_search polish=True seed=45 29700.000000m comparisons=9154 wall=0.0110s
iterated_search polish=True seed=46 29700.000000m comparisons=6538 wall=0.0099s
