Frozen selection: {'q3_active': 'two_opt', 'q4_active': 'fireworks', 'q4_conservative': 'two_opt'}
confirmation q3_active uniform__iid: 20/900 executions, elapsed 7.4s
confirmation q3_active uniform__smooth: 40/900 executions, elapsed 15.6s
confirmation q3_active uniform__adversarial-positive: 60/900 executions, elapsed 23.0s
confirmation q3_active uniform__adversarial-negative: 80/900 executions, elapsed 30.3s
confirmation q3_active uniform__adversarial-spatial: 100/900 executions, elapsed 37.6s
confirmation q3_active edge__iid: 120/900 executions, elapsed 46.8s
confirmation q3_active edge__smooth: 140/900 executions, elapsed 54.8s
confirmation q3_active edge__adversarial-positive: 160/900 executions, elapsed 63.3s
confirmation q3_active edge__adversarial-negative: 180/900 executions, elapsed 70.7s
confirmation q3_active edge__adversarial-spatial: 200/900 executions, elapsed 78.0s
confirmation q3_active clustered__iid: 220/900 executions, elapsed 84.9s
confirmation q3_active clustered__smooth: 240/900 executions, elapsed 91.8s
confirmation q3_active clustered__adversarial-positive: 260/900 executions, elapsed 98.4s
confirmation q3_active clustered__adversarial-negative: 280/900 executions, elapsed 105.4s
confirmation q3_active clustered__adversarial-spatial: 300/900 executions, elapsed 112.2s
confirmation q4_active uniform__iid: 320/900 executions, elapsed 124.7s
confirmation q4_active uniform__smooth: 340/900 executions, elapsed 136.6s
confirmation q4_active uniform__adversarial-positive: 360/900 executions, elapsed 147.8s
confirmation q4_active uniform__adversarial-negative: 380/900 executions, elapsed 159.1s
confirmation q4_active uniform__adversarial-spatial: 400/900 executions, elapsed 170.0s
confirmation q4_active edge__iid: 420/900 executions, elapsed 183.3s
confirmation q4_active edge__smooth: 440/900 executions, elapsed 196.2s
confirmation q4_active edge__adversarial-positive: 460/900 executions, elapsed 208.4s
confirmation q4_active edge__adversarial-negative: 480/900 executions, elapsed 222.1s
confirmation q4_active edge__adversarial-spatial: 500/900 executions, elapsed 235.0s
confirmation q4_active clustered__iid: 520/900 executions, elapsed 245.2s
confirmation q4_active clustered__smooth: 540/900 executions, elapsed 254.7s
confirmation q4_active clustered__adversarial-positive: 560/900 executions, elapsed 266.2s
confirmation q4_active clustered__adversarial-negative: 580/900 executions, elapsed 277.5s
confirmation q4_active clustered__adversarial-spatial: 600/900 executions, elapsed 286.5s
confirmation q4_conservative uniform__iid: 620/900 executions, elapsed 288.0s
confirmation q4_conservative uniform__smooth: 640/900 executions, elapsed 289.6s
confirmation q4_conservative uniform__adversarial-positive: 660/900 executions, elapsed 291.1s
confirmation q4_conservative uniform__adversarial-negative: 680/900 executions, elapsed 292.7s
confirmation q4_conservative uniform__adversarial-spatial: 700/900 executions, elapsed 294.1s
confirmation q4_conservative edge__iid: 720/900 executions, elapsed 295.5s
confirmation q4_conservative edge__smooth: 740/900 executions, elapsed 297.0s
confirmation q4_conservative edge__adversarial-positive: 760/900 executions, elapsed 298.5s
confirmation q4_conservative edge__adversarial-negative: 780/900 executions, elapsed 299.9s
confirmation q4_conservative edge__adversarial-spatial: 800/900 executions, elapsed 301.3s
confirmation q4_conservative clustered__iid: 820/900 executions, elapsed 302.8s
confirmation q4_conservative clustered__smooth: 840/900 executions, elapsed 304.4s
confirmation q4_conservative clustered__adversarial-positive: 860/900 executions, elapsed 305.9s
confirmation q4_conservative clustered__adversarial-negative: 880/900 executions, elapsed 307.4s
confirmation q4_conservative clustered__adversarial-spatial: 900/900 executions, elapsed 308.9s
