evaluated 200 {'BOTH_OK': 80, 'THEIRS_WRONG': 8, 'API_UNPROVIDED': 70, 'BOTH_OK_DIFF_REPR': 42} seconds 3
evaluated 400 {'BOTH_OK': 265, 'THEIRS_WRONG': 12, 'API_UNPROVIDED': 75, 'BOTH_OK_DIFF_REPR': 48} seconds 4
evaluated 600 {'BOTH_OK': 443, 'THEIRS_WRONG': 12, 'API_UNPROVIDED': 75, 'BOTH_OK_DIFF_REPR': 48, 'OURS_UNRESOLVED_THEIRS_OK': 20, 'BOTH_WRONG': 2} seconds 5
evaluated 800 {'BOTH_OK': 558, 'THEIRS_WRONG': 58, 'API_UNPROVIDED': 79, 'BOTH_OK_DIFF_REPR': 65, 'OURS_UNRESOLVED_THEIRS_OK': 23, 'BOTH_WRONG': 17} seconds 5
evaluated 1000 {'BOTH_OK': 668, 'THEIRS_WRONG': 106, 'API_UNPROVIDED': 83, 'BOTH_OK_DIFF_REPR': 76, 'OURS_UNRESOLVED_THEIRS_OK': 29, 'BOTH_WRONG': 37, 'OURS_WRONG': 1} seconds 6
evaluated 1200 {'BOTH_OK': 766, 'THEIRS_WRONG': 165, 'API_UNPROVIDED': 86, 'BOTH_OK_DIFF_REPR': 91, 'OURS_UNRESOLVED_THEIRS_OK': 37, 'BOTH_WRONG': 54, 'OURS_WRONG': 1} seconds 6
evaluated 1400 {'BOTH_OK': 878, 'THEIRS_WRONG': 214, 'API_UNPROVIDED': 90, 'BOTH_OK_DIFF_REPR': 105, 'OURS_UNRESOLVED_THEIRS_OK': 44, 'BOTH_WRONG': 68, 'OURS_WRONG': 1} seconds 7
evaluated 1600 {'BOTH_OK': 984, 'THEIRS_WRONG': 262, 'API_UNPROVIDED': 94, 'BOTH_OK_DIFF_REPR': 127, 'OURS_UNRESOLVED_THEIRS_OK': 49, 'BOTH_WRONG': 83, 'OURS_WRONG': 1} seconds 7
evaluated 1800 {'BOTH_OK': 1095, 'THEIRS_WRONG': 309, 'API_UNPROVIDED': 99, 'BOTH_OK_DIFF_REPR': 141, 'OURS_UNRESOLVED_THEIRS_OK': 55, 'BOTH_WRONG': 100, 'OURS_WRONG': 1} seconds 8
evaluated 2000 {'BOTH_OK': 1203, 'THEIRS_WRONG': 353, 'API_UNPROVIDED': 103, 'BOTH_OK_DIFF_REPR': 160, 'OURS_UNRESOLVED_THEIRS_OK': 62, 'BOTH_WRONG': 118, 'OURS_WRONG': 1} seconds 9
evaluated 2200 {'BOTH_OK': 1315, 'THEIRS_WRONG': 398, 'API_UNPROVIDED': 104, 'BOTH_OK_DIFF_REPR': 177, 'OURS_UNRESOLVED_THEIRS_OK': 70, 'BOTH_WRONG': 135, 'OURS_WRONG': 1} seconds 9
evaluated 2400 {'BOTH_OK': 1417, 'THEIRS_WRONG': 446, 'API_UNPROVIDED': 109, 'BOTH_OK_DIFF_REPR': 195, 'OURS_UNRESOLVED_THEIRS_OK': 77, 'BOTH_WRONG': 155, 'OURS_WRONG': 1} seconds 10
evaluated 2600 {'BOTH_OK': 1516, 'THEIRS_WRONG': 501, 'API_UNPROVIDED': 111, 'BOTH_OK_DIFF_REPR': 209, 'OURS_UNRESOLVED_THEIRS_OK': 86, 'BOTH_WRONG': 176, 'OURS_WRONG': 1} seconds 10
evaluated 2800 {'BOTH_OK': 1613, 'THEIRS_WRONG': 551, 'API_UNPROVIDED': 114, 'BOTH_OK_DIFF_REPR': 224, 'OURS_UNRESOLVED_THEIRS_OK': 99, 'BOTH_WRONG': 197, 'OURS_WRONG': 1, 'BOTH_UNRESOLVED': 1} seconds 11
evaluated 3000 {'BOTH_OK': 1713, 'THEIRS_WRONG': 605, 'API_UNPROVIDED': 119, 'BOTH_OK_DIFF_REPR': 242, 'OURS_UNRESOLVED_THEIRS_OK': 104, 'BOTH_WRONG': 213, 'OURS_WRONG': 3, 'BOTH_UNRESOLVED': 1} seconds 11
evaluated 3200 {'BOTH_OK': 1826, 'THEIRS_WRONG': 654, 'API_UNPROVIDED': 122, 'BOTH_OK_DIFF_REPR': 256, 'OURS_UNRESOLVED_THEIRS_OK': 108, 'BOTH_WRONG': 230, 'OURS_WRONG': 3, 'BOTH_UNRESOLVED': 1} seconds 12
evaluated 3400 {'BOTH_OK': 1922, 'THEIRS_WRONG': 708, 'API_UNPROVIDED': 127, 'BOTH_OK_DIFF_REPR': 275, 'OURS_UNRESOLVED_THEIRS_OK': 116, 'BOTH_WRONG': 248, 'OURS_WRONG': 3, 'BOTH_UNRESOLVED': 1} seconds 12
evaluated 3600 {'BOTH_OK': 2021, 'THEIRS_WRONG': 753, 'API_UNPROVIDED': 133, 'BOTH_OK_DIFF_REPR': 295, 'OURS_UNRESOLVED_THEIRS_OK': 127, 'BOTH_WRONG': 267, 'OURS_WRONG': 3, 'BOTH_UNRESOLVED': 1} seconds 13
evaluated 3800 {'BOTH_OK': 2122, 'THEIRS_WRONG': 801, 'API_UNPROVIDED': 135, 'BOTH_OK_DIFF_REPR': 312, 'OURS_UNRESOLVED_THEIRS_OK': 136, 'BOTH_WRONG': 290, 'OURS_WRONG': 3, 'BOTH_UNRESOLVED': 1} seconds 14
evaluated 4000 {'BOTH_OK': 2222, 'THEIRS_WRONG': 851, 'API_UNPROVIDED': 137, 'BOTH_OK_DIFF_REPR': 327, 'OURS_UNRESOLVED_THEIRS_OK': 147, 'BOTH_WRONG': 312, 'OURS_WRONG': 3, 'BOTH_UNRESOLVED': 1} seconds 14
evaluated 4200 {'BOTH_OK': 2317, 'THEIRS_WRONG': 904, 'API_UNPROVIDED': 140, 'BOTH_OK_DIFF_REPR': 351, 'OURS_UNRESOLVED_THEIRS_OK': 156, 'BOTH_WRONG': 328, 'OURS_WRONG': 3, 'BOTH_UNRESOLVED': 1} seconds 15
evaluated 4400 {'BOTH_OK': 2413, 'THEIRS_WRONG': 966, 'API_UNPROVIDED': 141, 'BOTH_OK_DIFF_REPR': 367, 'OURS_UNRESOLVED_THEIRS_OK': 162, 'BOTH_WRONG': 347, 'OURS_WRONG': 3, 'BOTH_UNRESOLVED': 1} seconds 15
evaluated 4600 {'BOTH_OK': 2517, 'THEIRS_WRONG': 1014, 'API_UNPROVIDED': 142, 'BOTH_OK_DIFF_REPR': 387, 'OURS_UNRESOLVED_THEIRS_OK': 171, 'BOTH_WRONG': 365, 'OURS_WRONG': 3, 'BOTH_UNRESOLVED': 1} seconds 16
evaluated 4800 {'BOTH_OK': 2622, 'THEIRS_WRONG': 1064, 'API_UNPROVIDED': 148, 'BOTH_OK_DIFF_REPR': 403, 'OURS_UNRESOLVED_THEIRS_OK': 176, 'BOTH_WRONG': 383, 'OURS_WRONG': 3, 'BOTH_UNRESOLVED': 1} seconds 16
evaluated 5000 {'BOTH_OK': 2729, 'THEIRS_WRONG': 1114, 'API_UNPROVIDED': 151, 'BOTH_OK_DIFF_REPR': 422, 'OURS_UNRESOLVED_THEIRS_OK': 182, 'BOTH_WRONG': 398, 'OURS_WRONG': 3, 'BOTH_UNRESOLVED': 1} seconds 17
evaluated 5200 {'BOTH_OK': 2824, 'THEIRS_WRONG': 1163, 'API_UNPROVIDED': 156, 'BOTH_OK_DIFF_REPR': 444, 'OURS_UNRESOLVED_THEIRS_OK': 190, 'BOTH_WRONG': 419, 'OURS_WRONG': 3, 'BOTH_UNRESOLVED': 1} seconds 17
evaluated 5400 {'BOTH_OK': 2933, 'THEIRS_WRONG': 1211, 'API_UNPROVIDED': 160, 'BOTH_OK_DIFF_REPR': 460, 'OURS_UNRESOLVED_THEIRS_OK': 194, 'BOTH_WRONG': 437, 'OURS_WRONG': 4, 'BOTH_UNRESOLVED': 1} seconds 18
evaluated 5600 {'BOTH_OK': 3043, 'THEIRS_WRONG': 1252, 'API_UNPROVIDED': 162, 'BOTH_OK_DIFF_REPR': 475, 'OURS_UNRESOLVED_THEIRS_OK': 202, 'BOTH_WRONG': 461, 'OURS_WRONG': 4, 'BOTH_UNRESOLVED': 1} seconds 19
evaluated 5800 {'BOTH_OK': 3149, 'THEIRS_WRONG': 1304, 'API_UNPROVIDED': 167, 'BOTH_OK_DIFF_REPR': 493, 'OURS_UNRESOLVED_THEIRS_OK': 208, 'BOTH_WRONG': 473, 'OURS_WRONG': 5, 'BOTH_UNRESOLVED': 1} seconds 19
evaluated 6000 {'BOTH_OK': 3249, 'THEIRS_WRONG': 1357, 'API_UNPROVIDED': 169, 'BOTH_OK_DIFF_REPR': 512, 'OURS_UNRESOLVED_THEIRS_OK': 214, 'BOTH_WRONG': 493, 'OURS_WRONG': 5, 'BOTH_UNRESOLVED': 1} seconds 20
evaluated 6200 {'BOTH_OK': 3355, 'THEIRS_WRONG': 1402, 'API_UNPROVIDED': 172, 'BOTH_OK_DIFF_REPR': 530, 'OURS_UNRESOLVED_THEIRS_OK': 226, 'BOTH_WRONG': 509, 'OURS_WRONG': 5, 'BOTH_UNRESOLVED': 1} seconds 20
evaluated 6400 {'BOTH_OK': 3463, 'THEIRS_WRONG': 1454, 'API_UNPROVIDED': 174, 'BOTH_OK_DIFF_REPR': 548, 'OURS_UNRESOLVED_THEIRS_OK': 232, 'BOTH_WRONG': 523, 'OURS_WRONG': 5, 'BOTH_UNRESOLVED': 1} seconds 21
evaluated 6600 {'BOTH_OK': 3569, 'THEIRS_WRONG': 1501, 'API_UNPROVIDED': 176, 'BOTH_OK_DIFF_REPR': 564, 'OURS_UNRESOLVED_THEIRS_OK': 241, 'BOTH_WRONG': 542, 'OURS_WRONG': 6, 'BOTH_UNRESOLVED': 1} seconds 21
evaluated 6800 {'BOTH_OK': 3667, 'THEIRS_WRONG': 1553, 'API_UNPROVIDED': 180, 'BOTH_OK_DIFF_REPR': 585, 'OURS_UNRESOLVED_THEIRS_OK': 252, 'BOTH_WRONG': 556, 'OURS_WRONG': 6, 'BOTH_UNRESOLVED': 1} seconds 22
evaluated 7000 {'BOTH_OK': 3764, 'THEIRS_WRONG': 1606, 'API_UNPROVIDED': 186, 'BOTH_OK_DIFF_REPR': 606, 'OURS_UNRESOLVED_THEIRS_OK': 258, 'BOTH_WRONG': 572, 'OURS_WRONG': 7, 'BOTH_UNRESOLVED': 1} seconds 23
evaluated 7200 {'BOTH_OK': 3873, 'THEIRS_WRONG': 1658, 'API_UNPROVIDED': 190, 'BOTH_OK_DIFF_REPR': 623, 'OURS_UNRESOLVED_THEIRS_OK': 267, 'BOTH_WRONG': 580, 'OURS_WRONG': 7, 'BOTH_UNRESOLVED': 1, 'OURS_OK_THEIRS_UNRESOLVED': 1} seconds 23
evaluated 7400 {'BOTH_OK': 3975, 'THEIRS_WRONG': 1711, 'API_UNPROVIDED': 194, 'BOTH_OK_DIFF_REPR': 639, 'OURS_UNRESOLVED_THEIRS_OK': 273, 'BOTH_WRONG': 599, 'OURS_WRONG': 7, 'BOTH_UNRESOLVED': 1, 'OURS_OK_THEIRS_UNRESOLVED': 1} seconds 24
evaluated 7600 {'BOTH_OK': 4080, 'THEIRS_WRONG': 1760, 'API_UNPROVIDED': 196, 'BOTH_OK_DIFF_REPR': 657, 'OURS_UNRESOLVED_THEIRS_OK': 284, 'BOTH_WRONG': 614, 'OURS_WRONG': 7, 'BOTH_UNRESOLVED': 1, 'OURS_OK_THEIRS_UNRESOLVED': 1} seconds 24
evaluated 7800 {'BOTH_OK': 4187, 'THEIRS_WRONG': 1816, 'API_UNPROVIDED': 199, 'BOTH_OK_DIFF_REPR': 668, 'OURS_UNRESOLVED_THEIRS_OK': 289, 'BOTH_WRONG': 632, 'OURS_WRONG': 7, 'BOTH_UNRESOLVED': 1, 'OURS_OK_THEIRS_UNRESOLVED': 1} seconds 25
evaluated 8000 {'BOTH_OK': 4304, 'THEIRS_WRONG': 1858, 'API_UNPROVIDED': 203, 'BOTH_OK_DIFF_REPR': 685, 'OURS_UNRESOLVED_THEIRS_OK': 294, 'BOTH_WRONG': 647, 'OURS_WRONG': 7, 'BOTH_UNRESOLVED': 1, 'OURS_OK_THEIRS_UNRESOLVED': 1} seconds 25
evaluated 8200 {'BOTH_OK': 4403, 'THEIRS_WRONG': 1907, 'API_UNPROVIDED': 209, 'BOTH_OK_DIFF_REPR': 700, 'OURS_UNRESOLVED_THEIRS_OK': 305, 'BOTH_WRONG': 667, 'OURS_WRONG': 7, 'BOTH_UNRESOLVED': 1, 'OURS_OK_THEIRS_UNRESOLVED': 1} seconds 26
evaluated 8400 {'BOTH_OK': 4511, 'THEIRS_WRONG': 1963, 'API_UNPROVIDED': 210, 'BOTH_OK_DIFF_REPR': 715, 'OURS_UNRESOLVED_THEIRS_OK': 308, 'BOTH_WRONG': 684, 'OURS_WRONG': 7, 'BOTH_UNRESOLVED': 1, 'OURS_OK_THEIRS_UNRESOLVED': 1} seconds 26
evaluated 8600 {'BOTH_OK': 4614, 'THEIRS_WRONG': 2009, 'API_UNPROVIDED': 217, 'BOTH_OK_DIFF_REPR': 732, 'OURS_UNRESOLVED_THEIRS_OK': 316, 'BOTH_WRONG': 703, 'OURS_WRONG': 7, 'BOTH_UNRESOLVED': 1, 'OURS_OK_THEIRS_UNRESOLVED': 1} seconds 27
minimized 100 / 2719 seconds 28
minimized 200 / 2719 seconds 29
minimized 300 / 2719 seconds 31
minimized 400 / 2719 seconds 31
minimized 500 / 2719 seconds 33
minimized 600 / 2719 seconds 33
minimized 700 / 2719 seconds 34
minimized 800 / 2719 seconds 35
minimized 900 / 2719 seconds 36
minimized 1000 / 2719 seconds 36
minimized 1100 / 2719 seconds 37
minimized 1200 / 2719 seconds 38
minimized 1300 / 2719 seconds 39
minimized 1400 / 2719 seconds 39
minimized 1500 / 2719 seconds 40
minimized 1600 / 2719 seconds 41
minimized 1700 / 2719 seconds 42
minimized 1800 / 2719 seconds 42
minimized 1900 / 2719 seconds 43
minimized 2000 / 2719 seconds 44
minimized 2100 / 2719 seconds 44
minimized 2200 / 2719 seconds 45
minimized 2300 / 2719 seconds 46
minimized 2400 / 2719 seconds 47
minimized 2500 / 2719 seconds 48
minimized 2600 / 2719 seconds 49
minimized 2700 / 2719 seconds 49
aux minimized 100 seconds 51
aux minimized 200 seconds 52
aux minimized 300 seconds 53
aux minimized 400 seconds 54
aux minimized 500 seconds 55
aux minimized 600 seconds 56
aux minimized 700 seconds 57
aux minimized 800 seconds 59
aux minimized 900 seconds 60
aux minimized 1000 seconds 61
aux minimized 1100 seconds 61
aux minimized 1200 seconds 62
aux minimized 1300 seconds 63
aux minimized 1400 seconds 65
aux minimized 1500 seconds 66
aux minimized 1600 seconds 67
{"auxiliary_wrong_inputs": 1645, "baseline_counts": {"API_UNPROVIDED": 217, "BOTH_OK": 5425, "BOTH_OK_DIFF_REPR": 910, "BOTH_UNRESOLVED": 1, "BOTH_WRONG": 20, "OURS_OK_THEIRS_UNRESOLVED": 1, "OURS_UNRESOLVED_THEIRS_OK": 431, "THEIRS_WRONG": 1597}, "command": ["models/q1q2/peer-audit/differential_q1.py", "--random-cases", "8000"], "counts": {"API_UNPROVIDED": 217, "BOTH_OK": 4616, "BOTH_OK_DIFF_REPR": 732, "BOTH_UNRESOLVED": 1, "BOTH_WRONG": 703, "OURS_OK_THEIRS_UNRESOLVED": 1, "OURS_UNRESOLVED_THEIRS_OK": 316, "OURS_WRONG": 7, "THEIRS_WRONG": 2009}, "environment": {"numpy": "2.5.3", "ours_circle": "/Users/flower/math/2026/B题/models/q1q2/circle.py", "ours_geometry": "/Users/flower/math/2026/B题/models/q1q2/geometry.py", "peer_geometry": "/Users/flower/math/2026/NTJ_B_wt/B/geometry.py", "python": "3.14.6 (main, Jun 10 2026, 10:03:53) [Clang 21.0.0 (clang-2100.0.123.102)]", "scipy": "1.18.1"}, "main_wrong_inputs": 2719, "random_cases": 8000, "script_sha256": "d7d46aec0c71f13c2d504c0bf37de37382ba8f4326a8957bcde93d4f9a69adec", "seconds": 67.30117833399709, "seed": 2026091107, "total": 8602}
