{
  "mode": "mock-http",
  "series": "cover21",
  "problem": 3,
  "method": "range_area7",
  "seed": 42,
  "cleared": 10,
  "total_virtual_s": 3304.341074,
  "per_source_s": 330.4341074,
  "commands": 140,
  "transport_failures": 0,
  "wall_s": 0.10616133399889804,
  "cpu_s": 0.112582,
  "initialization_s": 6.566700176335871e-05,
  "policy": {
    "certified_clears": 9,
    "optical_fallback_calls": 0,
    "active_measurements": 9,
    "active_no_signal": 0,
    "inconsistent_updates": 0,
    "optical_max_cover_radius": 0.0,
    "stations_visited": 7,
    "stop_reason": "full_coverage_and_all_discovered_cleared",
    "skipped_precise_measurements": 1,
    "early_optical_trials": 2,
    "early_optical_success": 1,
    "bracket_pair_cuts": 0,
    "bracket_measurements": 0,
    "bracket_optical_trials": 0,
    "bracket_optical_success": 0,
    "bracket_cut_inconsistencies": 0,
    "joint_route_solves": 17,
    "shared_known_measurements": 13,
    "known_upper_bound_skips": 0,
    "optical_position_adjustments": 9,
    "optical_local_move_saved_m": 47.21071608748734,
    "completion_proxy_weight": 1.0,
    "uniform_area_ranking_prior": true,
    "expanded_sensing_candidates": false,
    "coupled_route_plans": 0,
    "fixed_scan_order": false,
    "service_entry_weight": 1.0,
    "coupled_dispatch_model": "base",
    "certified_range_scan_skips": 4,
    "inferred_negative_memory_updates": 0,
    "discovered_channels": 10,
    "policy_cleared_channels": [
      2,
      4,
      6,
      7,
      8,
      9,
      11,
      12,
      13,
      19
    ]
  },
  "official_calls": 0,
  "sources": 10,
  "clear_fraction": 1.0,
  "all_cleared": true,
  "move_m": 12496.705372914623,
  "measurements": 127,
  "clear_calls": 11,
  "switches": 117,
  "missed_channels": [],
  "entered": true,
  "exited": true,
  "http_requests": 140,
  "backend": "B/simulator.py",
  "program_wall_s": 0.2652287079981761
}
Local logs: /Users/flower/math/2026/B题/B/robot_runs/20260911-182449-603198-bounded-mock-http
