evaluated 200 {'BOTH_OK': 81, 'THEIRS_WRONG': 8, 'API_UNPROVIDED': 70, 'BOTH_OK_DIFF_REPR': 41} seconds 7
evaluated 400 {'BOTH_OK': 265, 'THEIRS_WRONG': 12, 'API_UNPROVIDED': 75, 'BOTH_OK_DIFF_REPR': 48} seconds 7
evaluated 600 {'BOTH_OK': 448, 'THEIRS_WRONG': 14, 'API_UNPROVIDED': 75, 'BOTH_OK_DIFF_REPR': 48, 'OURS_UNRESOLVED_THEIRS_OK': 15} seconds 8
evaluated 800 {'BOTH_OK': 564, 'THEIRS_WRONG': 75, 'API_UNPROVIDED': 79, 'BOTH_OK_DIFF_REPR': 65, 'OURS_UNRESOLVED_THEIRS_OK': 17} seconds 9
evaluated 1000 {'BOTH_OK': 679, 'THEIRS_WRONG': 143, 'API_UNPROVIDED': 83, 'BOTH_OK_DIFF_REPR': 76, 'OURS_UNRESOLVED_THEIRS_OK': 19} seconds 9
evaluated 1200 {'BOTH_OK': 781, 'THEIRS_WRONG': 219, 'API_UNPROVIDED': 86, 'BOTH_OK_DIFF_REPR': 91, 'OURS_UNRESOLVED_THEIRS_OK': 23} seconds 10
evaluated 1400 {'BOTH_OK': 899, 'THEIRS_WRONG': 282, 'API_UNPROVIDED': 90, 'BOTH_OK_DIFF_REPR': 104, 'OURS_UNRESOLVED_THEIRS_OK': 25} seconds 11
evaluated 1600 {'BOTH_OK': 1005, 'THEIRS_WRONG': 345, 'API_UNPROVIDED': 94, 'BOTH_OK_DIFF_REPR': 126, 'OURS_UNRESOLVED_THEIRS_OK': 30} seconds 12
evaluated 1800 {'BOTH_OK': 1120, 'THEIRS_WRONG': 409, 'API_UNPROVIDED': 99, 'BOTH_OK_DIFF_REPR': 140, 'OURS_UNRESOLVED_THEIRS_OK': 32} seconds 12
evaluated 2000 {'BOTH_OK': 1232, 'THEIRS_WRONG': 471, 'API_UNPROVIDED': 103, 'BOTH_OK_DIFF_REPR': 160, 'OURS_UNRESOLVED_THEIRS_OK': 34} seconds 13
evaluated 2200 {'BOTH_OK': 1349, 'THEIRS_WRONG': 533, 'API_UNPROVIDED': 104, 'BOTH_OK_DIFF_REPR': 176, 'OURS_UNRESOLVED_THEIRS_OK': 38} seconds 14
evaluated 2400 {'BOTH_OK': 1457, 'THEIRS_WRONG': 601, 'API_UNPROVIDED': 109, 'BOTH_OK_DIFF_REPR': 194, 'OURS_UNRESOLVED_THEIRS_OK': 39} seconds 15
evaluated 2600 {'BOTH_OK': 1559, 'THEIRS_WRONG': 677, 'API_UNPROVIDED': 111, 'BOTH_OK_DIFF_REPR': 210, 'OURS_UNRESOLVED_THEIRS_OK': 43} seconds 15
evaluated 2800 {'BOTH_OK': 1662, 'THEIRS_WRONG': 748, 'API_UNPROVIDED': 114, 'BOTH_OK_DIFF_REPR': 226, 'OURS_UNRESOLVED_THEIRS_OK': 49, 'OURS_OK_THEIRS_UNRESOLVED': 1} seconds 16
evaluated 3000 {'BOTH_OK': 1767, 'THEIRS_WRONG': 818, 'API_UNPROVIDED': 119, 'BOTH_OK_DIFF_REPR': 245, 'OURS_UNRESOLVED_THEIRS_OK': 50, 'OURS_OK_THEIRS_UNRESOLVED': 1} seconds 17
evaluated 3200 {'BOTH_OK': 1884, 'THEIRS_WRONG': 884, 'API_UNPROVIDED': 122, 'BOTH_OK_DIFF_REPR': 258, 'OURS_UNRESOLVED_THEIRS_OK': 51, 'OURS_OK_THEIRS_UNRESOLVED': 1} seconds 18
evaluated 3400 {'BOTH_OK': 1984, 'THEIRS_WRONG': 956, 'API_UNPROVIDED': 127, 'BOTH_OK_DIFF_REPR': 276, 'OURS_UNRESOLVED_THEIRS_OK': 56, 'OURS_OK_THEIRS_UNRESOLVED': 1} seconds 19
evaluated 3600 {'BOTH_OK': 2086, 'THEIRS_WRONG': 1020, 'API_UNPROVIDED': 133, 'BOTH_OK_DIFF_REPR': 299, 'OURS_UNRESOLVED_THEIRS_OK': 61, 'OURS_OK_THEIRS_UNRESOLVED': 1} seconds 19
evaluated 3800 {'BOTH_OK': 2193, 'THEIRS_WRONG': 1091, 'API_UNPROVIDED': 135, 'BOTH_OK_DIFF_REPR': 316, 'OURS_UNRESOLVED_THEIRS_OK': 64, 'OURS_OK_THEIRS_UNRESOLVED': 1} seconds 20
evaluated 4000 {'BOTH_OK': 2299, 'THEIRS_WRONG': 1163, 'API_UNPROVIDED': 137, 'BOTH_OK_DIFF_REPR': 332, 'OURS_UNRESOLVED_THEIRS_OK': 68, 'OURS_OK_THEIRS_UNRESOLVED': 1} seconds 21
evaluated 4200 {'BOTH_OK': 2403, 'THEIRS_WRONG': 1232, 'API_UNPROVIDED': 140, 'BOTH_OK_DIFF_REPR': 355, 'OURS_UNRESOLVED_THEIRS_OK': 69, 'OURS_OK_THEIRS_UNRESOLVED': 1} seconds 22
evaluated 4400 {'BOTH_OK': 2504, 'THEIRS_WRONG': 1313, 'API_UNPROVIDED': 141, 'BOTH_OK_DIFF_REPR': 369, 'OURS_UNRESOLVED_THEIRS_OK': 72, 'OURS_OK_THEIRS_UNRESOLVED': 1} seconds 22
evaluated 4600 {'BOTH_OK': 2611, 'THEIRS_WRONG': 1379, 'API_UNPROVIDED': 142, 'BOTH_OK_DIFF_REPR': 392, 'OURS_UNRESOLVED_THEIRS_OK': 75, 'OURS_OK_THEIRS_UNRESOLVED': 1} seconds 23
evaluated 4800 {'BOTH_OK': 2719, 'THEIRS_WRONG': 1447, 'API_UNPROVIDED': 148, 'BOTH_OK_DIFF_REPR': 408, 'OURS_UNRESOLVED_THEIRS_OK': 77, 'OURS_OK_THEIRS_UNRESOLVED': 1} seconds 24
evaluated 5000 {'BOTH_OK': 2832, 'THEIRS_WRONG': 1512, 'API_UNPROVIDED': 151, 'BOTH_OK_DIFF_REPR': 425, 'OURS_UNRESOLVED_THEIRS_OK': 79, 'OURS_OK_THEIRS_UNRESOLVED': 1} seconds 25
evaluated 5200 {'BOTH_OK': 2933, 'THEIRS_WRONG': 1582, 'API_UNPROVIDED': 156, 'BOTH_OK_DIFF_REPR': 447, 'OURS_UNRESOLVED_THEIRS_OK': 81, 'OURS_OK_THEIRS_UNRESOLVED': 1} seconds 25
evaluated 5400 {'BOTH_OK': 3046, 'THEIRS_WRONG': 1648, 'API_UNPROVIDED': 160, 'BOTH_OK_DIFF_REPR': 463, 'OURS_UNRESOLVED_THEIRS_OK': 82, 'OURS_OK_THEIRS_UNRESOLVED': 1} seconds 26
evaluated 5600 {'BOTH_OK': 3162, 'THEIRS_WRONG': 1713, 'API_UNPROVIDED': 162, 'BOTH_OK_DIFF_REPR': 477, 'OURS_UNRESOLVED_THEIRS_OK': 85, 'OURS_OK_THEIRS_UNRESOLVED': 1} seconds 27
evaluated 5800 {'BOTH_OK': 3274, 'THEIRS_WRONG': 1777, 'API_UNPROVIDED': 167, 'BOTH_OK_DIFF_REPR': 495, 'OURS_UNRESOLVED_THEIRS_OK': 86, 'OURS_OK_THEIRS_UNRESOLVED': 1} seconds 28
evaluated 6000 {'BOTH_OK': 3378, 'THEIRS_WRONG': 1850, 'API_UNPROVIDED': 169, 'BOTH_OK_DIFF_REPR': 513, 'OURS_UNRESOLVED_THEIRS_OK': 89, 'OURS_OK_THEIRS_UNRESOLVED': 1} seconds 28
evaluated 6200 {'BOTH_OK': 3491, 'THEIRS_WRONG': 1911, 'API_UNPROVIDED': 172, 'BOTH_OK_DIFF_REPR': 532, 'OURS_UNRESOLVED_THEIRS_OK': 93, 'OURS_OK_THEIRS_UNRESOLVED': 1} seconds 29
evaluated 6400 {'BOTH_OK': 3603, 'THEIRS_WRONG': 1977, 'API_UNPROVIDED': 174, 'BOTH_OK_DIFF_REPR': 550, 'OURS_UNRESOLVED_THEIRS_OK': 95, 'OURS_OK_THEIRS_UNRESOLVED': 1} seconds 30
evaluated 6600 {'BOTH_OK': 3713, 'THEIRS_WRONG': 2043, 'API_UNPROVIDED': 176, 'BOTH_OK_DIFF_REPR': 568, 'OURS_UNRESOLVED_THEIRS_OK': 99, 'OURS_OK_THEIRS_UNRESOLVED': 1} seconds 31
evaluated 6800 {'BOTH_OK': 3816, 'THEIRS_WRONG': 2109, 'API_UNPROVIDED': 180, 'BOTH_OK_DIFF_REPR': 592, 'OURS_UNRESOLVED_THEIRS_OK': 102, 'OURS_OK_THEIRS_UNRESOLVED': 1} seconds 31
evaluated 7000 {'BOTH_OK': 3915, 'THEIRS_WRONG': 2178, 'API_UNPROVIDED': 186, 'BOTH_OK_DIFF_REPR': 613, 'OURS_UNRESOLVED_THEIRS_OK': 107, 'OURS_OK_THEIRS_UNRESOLVED': 1} seconds 32
evaluated 7200 {'BOTH_OK': 4030, 'THEIRS_WRONG': 2238, 'API_UNPROVIDED': 190, 'BOTH_OK_DIFF_REPR': 631, 'OURS_UNRESOLVED_THEIRS_OK': 109, 'OURS_OK_THEIRS_UNRESOLVED': 2} seconds 33
evaluated 7400 {'BOTH_OK': 4133, 'THEIRS_WRONG': 2310, 'API_UNPROVIDED': 194, 'BOTH_OK_DIFF_REPR': 650, 'OURS_UNRESOLVED_THEIRS_OK': 111, 'OURS_OK_THEIRS_UNRESOLVED': 2} seconds 34
evaluated 7600 {'BOTH_OK': 4245, 'THEIRS_WRONG': 2374, 'API_UNPROVIDED': 196, 'BOTH_OK_DIFF_REPR': 669, 'OURS_UNRESOLVED_THEIRS_OK': 114, 'OURS_OK_THEIRS_UNRESOLVED': 2} seconds 34
evaluated 7800 {'BOTH_OK': 4353, 'THEIRS_WRONG': 2448, 'API_UNPROVIDED': 199, 'BOTH_OK_DIFF_REPR': 682, 'OURS_UNRESOLVED_THEIRS_OK': 116, 'OURS_OK_THEIRS_UNRESOLVED': 2} seconds 35
evaluated 8000 {'BOTH_OK': 4471, 'THEIRS_WRONG': 2505, 'API_UNPROVIDED': 203, 'BOTH_OK_DIFF_REPR': 700, 'OURS_UNRESOLVED_THEIRS_OK': 119, 'OURS_OK_THEIRS_UNRESOLVED': 2} seconds 36
evaluated 8200 {'BOTH_OK': 4579, 'THEIRS_WRONG': 2574, 'API_UNPROVIDED': 209, 'BOTH_OK_DIFF_REPR': 715, 'OURS_UNRESOLVED_THEIRS_OK': 121, 'OURS_OK_THEIRS_UNRESOLVED': 2} seconds 37
evaluated 8400 {'BOTH_OK': 4688, 'THEIRS_WRONG': 2647, 'API_UNPROVIDED': 210, 'BOTH_OK_DIFF_REPR': 730, 'OURS_UNRESOLVED_THEIRS_OK': 123, 'OURS_OK_THEIRS_UNRESOLVED': 2} seconds 37
evaluated 8600 {'BOTH_OK': 4798, 'THEIRS_WRONG': 2712, 'API_UNPROVIDED': 217, 'BOTH_OK_DIFF_REPR': 747, 'OURS_UNRESOLVED_THEIRS_OK': 124, 'OURS_OK_THEIRS_UNRESOLVED': 2} seconds 38
minimized 100 / 2712 seconds 39
minimized 200 / 2712 seconds 40
minimized 300 / 2712 seconds 41
minimized 400 / 2712 seconds 42
minimized 500 / 2712 seconds 43
minimized 600 / 2712 seconds 44
minimized 700 / 2712 seconds 45
minimized 800 / 2712 seconds 46
minimized 900 / 2712 seconds 47
minimized 1000 / 2712 seconds 47
minimized 1100 / 2712 seconds 48
minimized 1200 / 2712 seconds 49
minimized 1300 / 2712 seconds 50
minimized 1400 / 2712 seconds 51
minimized 1500 / 2712 seconds 52
minimized 1600 / 2712 seconds 52
minimized 1700 / 2712 seconds 53
minimized 1800 / 2712 seconds 54
minimized 1900 / 2712 seconds 55
minimized 2000 / 2712 seconds 56
minimized 2100 / 2712 seconds 57
minimized 2200 / 2712 seconds 57
minimized 2300 / 2712 seconds 59
minimized 2400 / 2712 seconds 60
minimized 2500 / 2712 seconds 61
minimized 2600 / 2712 seconds 61
minimized 2700 / 2712 seconds 62
aux minimized 100 seconds 64
aux minimized 200 seconds 65
aux minimized 300 seconds 67
aux minimized 400 seconds 68
aux minimized 500 seconds 69
aux minimized 600 seconds 71
aux minimized 700 seconds 72
aux minimized 800 seconds 73
aux minimized 900 seconds 74
aux minimized 1000 seconds 76
aux minimized 1100 seconds 77
{"auxiliary_wrong_inputs": 1127, "baseline_counts": {"API_UNPROVIDED": 217, "BOTH_OK": 5734, "BOTH_OK_DIFF_REPR": 908, "OURS_OK_THEIRS_UNRESOLVED": 2, "OURS_UNRESOLVED_THEIRS_OK": 124, "THEIRS_WRONG": 1617}, "command": ["/var/folders/jt/zqnnfv9942qglzppjt2wjn000000gn/T/q1-circle-audit-by_qn31e/models/q1q2/peer-audit/differential_q1.py", "--seed", "2026091107", "--random-cases", "8000"], "counts": {"API_UNPROVIDED": 217, "BOTH_OK": 4800, "BOTH_OK_DIFF_REPR": 747, "OURS_OK_THEIRS_UNRESOLVED": 2, "OURS_UNRESOLVED_THEIRS_OK": 124, "THEIRS_WRONG": 2712}, "environment": {"numpy": "2.5.3", "ours_circle": "/private/var/folders/jt/zqnnfv9942qglzppjt2wjn000000gn/T/q1-circle-audit-by_qn31e/models/q1q2/circle.py", "ours_geometry": "/private/var/folders/jt/zqnnfv9942qglzppjt2wjn000000gn/T/q1-circle-audit-by_qn31e/models/q1q2/geometry.py", "peer_geometry": "/Users/flower/math/2026/NTJ_B_wt/B/geometry.py", "python": "3.14.6 (main, Jun 10 2026, 10:03:53) [Clang 21.0.0 (clang-2100.0.123.102)]", "scipy": "1.18.1"}, "main_wrong_inputs": 2712, "random_cases": 8000, "script_sha256": "27687c15241777781899c27857608f7b56b728502d5f613deadfc70a476290a8", "seconds": 77.47489637500257, "seed": 2026091107, "total": 8602}
