segment_10_100_20_1 C PASS 
segment_10_100_20_0.5 C PASS 
segment_10_100_20_2 C PASS 
segment_20_80_40_1 C PASS 
segment_10_100_200_1 C PASS 
tangent_segment_0 C PASS 
tangent_segment_1 C PASS 
tangent_segment_2 C PASS 
tangent_segment_3 C PASS 
tangent_segment_4 C PASS 
tangent_segment_5 C PASS 
tangent_polar_0 C PASS 
tangent_polar_1 C PASS 
tangent_polar_2 C PASS 
tangent_polar_3 C PASS 
tangent_polar_4 C PASS 
tangent_polar_5 C PASS 
polar_same_station_closed_0 C PASS 
polar_same_station_closed_1 C PASS 
polar_same_station_closed_2 C PASS 
segment_special_18 C PASS 
segment_special_100 C PASS 
polar_0 C PASS 
polar_1 C PASS 
polar_2 C PASS 
polar_3 C PASS 
polar_4 C PASS 
polar_5 C PASS 
polar_6 C PASS 
polar_7 C PASS 
polar_8 C PASS 
polar_9 C PASS 
polar_10 C PASS 
polar_11 C PASS 
polar_12 C PASS 
monotone_epsilon N/A PASS 
monotone_expansion N/A PASS 
monotone_nested N/A PASS 
clearance_10_18 N/A PASS 
clearance_10_30 N/A PASS 
clearance_50_86 N/A PASS 
clearance_50_90 N/A PASS 
clearance_50_92 N/A PASS 
feedback_near_boundary C PASS 
feedback_wrap_zero C PASS 
feedback_singleton C PASS 
short_baseline_select C PASS 
short_baseline_frontier C PASS 
{"n_cases": 48, "grade_counts": {"A": 0, "B": 0, "C": 40}, "n_grade_not_applicable": 8, "refined_grade_counts": {"A": 0, "B": 0, "C": 16}, "n_pass": 48, "n_fail": 0, "elapsed_seconds": 105.44051608300651}
