{
  "n_cases": 285,
  "n_pass": 285,
  "n_fail": 0,
  "categories": {
    "adversarial": {
      "n_cases": 34,
      "n_pass": 34,
      "n_fail": 0
    },
    "closed_form": {
      "n_cases": 27,
      "n_pass": 27,
      "n_fail": 0
    },
    "degenerate": {
      "n_cases": 36,
      "n_pass": 36,
      "n_fail": 0
    },
    "invariant": {
      "n_cases": 32,
      "n_pass": 32,
      "n_fail": 0
    },
    "random": {
      "n_cases": 156,
      "n_pass": 156,
      "n_fail": 0
    }
  },
  "max_errors": {
    "diameter_abs_m": {
      "value": 4.656612873077393e-10,
      "case_id": "orthogonal_1000000_30"
    },
    "diameter_relative": {
      "value": 4.962852094021176e-13,
      "case_id": "random_obs_32_1"
    },
    "feasible_residual_m": {
      "value": 1.1368683772161603e-13,
      "case_id": "random_obs_1_9"
    },
    "isolated_diameter_abs_m": {
      "value": 4.656612873077393e-10,
      "case_id": "orthogonal_1000000_30"
    },
    "normal_l2": {
      "value": 0.0,
      "case_id": "wrap_719.9"
    },
    "recession_residual": {
      "value": 5.988673373666965e-17,
      "case_id": "single_89_45"
    },
    "vertex_constraint_residual_m": {
      "value": 2.3283064365386963e-10,
      "case_id": "square_wedges_large_translate"
    },
    "vertex_hausdorff_m": {
      "value": 4.656612873077393e-10,
      "case_id": "square_wedges_large_translate"
    }
  },
  "lp_disagreements": [
    "long_triangle_10",
    "tiny_gap_10",
    "long_triangle_12",
    "tiny_gap_12",
    "long_triangle_14",
    "tiny_gap_14"
  ],
  "failure_checks": {}
}
{"area": "q1_circle_cover", "n_cases": 330, "n_pass": 330, "n_fail": 0, "n_checks": 22644}
{
  "n_cases": 531,
  "n_pass": 531,
  "n_fail": 0,
  "failure_check_counts": {},
  "groups": {
    "core_membership": {
      "n_cases": 531,
      "n_pass": 531,
      "n_fail": 0,
      "case_pass_rate": 1.0,
      "n_checks": 1062,
      "n_checks_pass": 1062,
      "n_checks_fail": 0,
      "check_pass_rate": 1.0,
      "binary_decisions": {
        "sig": {
          "n_decisions": 438,
          "n_correct": 438,
          "n_incorrect": 0,
          "n_boundary": 89,
          "n_unresolved": 0,
          "n_inconsistent": 4,
          "accuracy": 1.0
        },
        "dir": {
          "n_decisions": 440,
          "n_correct": 440,
          "n_incorrect": 0,
          "n_boundary": 85,
          "n_unresolved": 2,
          "n_inconsistent": 4,
          "accuracy": 1.0
        }
      }
    },
    "witness_metadata": {
      "n_cases": 515,
      "n_pass": 515,
      "n_fail": 0,
      "case_pass_rate": 1.0,
      "n_checks": 3090,
      "n_checks_pass": 3090,
      "n_checks_fail": 0,
      "check_pass_rate": 1.0
    },
    "auxiliary": {
      "n_cases": 531,
      "n_pass": 531,
      "n_fail": 0,
      "case_pass_rate": 1.0,
      "n_checks": 6452,
      "n_checks_pass": 6452,
      "n_checks_fail": 0,
      "check_pass_rate": 1.0
    }
  },
  "elapsed_seconds": 5.651549542002613
}
segment_10_100_20_1 C PASS 
segment_10_100_20_0.5 C PASS 
segment_10_100_20_2 C PASS 
segment_20_80_40_1 C PASS 
segment_10_100_200_1 C PASS 
tangent_segment_0 C PASS 
tangent_segment_1 C PASS 
tangent_segment_2 C PASS 
tangent_segment_3 C PASS 
tangent_segment_4 C PASS 
tangent_segment_5 C PASS 
tangent_polar_0 C PASS 
tangent_polar_1 C PASS 
tangent_polar_2 C PASS 
tangent_polar_3 C PASS 
tangent_polar_4 C PASS 
tangent_polar_5 C PASS 
polar_same_station_closed_0 C PASS 
polar_same_station_closed_1 C PASS 
polar_same_station_closed_2 C PASS 
segment_special_18 C PASS 
segment_special_100 C PASS 
polar_0 C PASS 
polar_1 C PASS 
polar_2 C PASS 
polar_3 C PASS 
polar_4 C PASS 
polar_5 C PASS 
polar_6 C PASS 
polar_7 C PASS 
polar_8 C PASS 
polar_9 C PASS 
polar_10 C PASS 
polar_11 C PASS 
polar_12 C PASS 
monotone_epsilon N/A PASS 
monotone_expansion N/A PASS 
monotone_nested N/A PASS 
clearance_10_18 N/A PASS 
clearance_10_30 N/A PASS 
clearance_50_86 N/A PASS 
clearance_50_90 N/A PASS 
clearance_50_92 N/A PASS 
feedback_near_boundary C PASS 
feedback_wrap_zero C PASS 
feedback_singleton C PASS 
short_baseline_select C PASS 
short_baseline_frontier C PASS 
{"n_cases": 48, "grade_counts": {"A": 0, "B": 0, "C": 40}, "n_grade_not_applicable": 8, "refined_grade_counts": {"A": 0, "B": 0, "C": 16}, "n_pass": 48, "n_fail": 0, "elapsed_seconds": 79.36338575000991}
